80/1600 games, 6.9s
160/1600 games, 148.5s
240/1600 games, 373.7s
320/1600 games, 540.4s
400/1600 games, 552.8s
480/1600 games, 644.1s
560/1600 games, 750.4s
640/1600 games, 889.6s
720/1600 games, 1030.8s
800/1600 games, 1128.9s
880/1600 games, 1132.7s
960/1600 games, 1139.0s
1040/1600 games, 1273.9s
1120/1600 games, 1496.9s
1200/1600 games, 1684.2s
1280/1600 games, 1733.4s
1360/1600 games, 1782.2s
1440/1600 games, 1835.9s
1520/1600 games, 1905.2s
1600/1600 games, 2005.3s
heuristic                    vs heuristic                    n= 100 stalls=  0 corp-win=0.630 [0.532,0.718] turns=16.6 {"corp/Agenda" 61, "runner/Decked" 23, "runner/Agenda" 14, "corp/Flatline" 2}
heuristic                    vs ismcts                       n= 100 stalls=  0 corp-win=0.620 [0.522,0.709] turns=16.8 {"corp/Agenda" 54, "runner/Decked" 25, "runner/Agenda" 13, "corp/Flatline" 8}
heuristic                    vs planner                      n= 100 stalls=  0 corp-win=0.570 [0.472,0.663] turns=17.5 {"runner/Decked" 26, "runner/Agenda" 17, "corp/Agenda" 54, "corp/Flatline" 3}
heuristic                    vs rnad                         n= 100 stalls=  0 corp-win=0.990 [0.946,0.998] turns=7.3 {"corp/Agenda" 20, "corp/Flatline" 79, "runner/Decked" 1}
ismcts                       vs heuristic                    n= 100 stalls=  0 corp-win=0.560 [0.462,0.653] turns=16.2 {"corp/Agenda" 52, "runner/Decked" 28, "runner/Agenda" 16, "corp/Flatline" 4}
ismcts                       vs ismcts                       n= 100 stalls=  0 corp-win=0.640 [0.542,0.727] turns=15.7 {"corp/Agenda" 59, "corp/Flatline" 5, "runner/Agenda" 16, "runner/Decked" 20}
ismcts                       vs planner                      n= 100 stalls=  0 corp-win=0.570 [0.472,0.663] turns=17.3 {"runner/Decked" 28, "corp/Agenda" 50, "corp/Flatline" 7, "runner/Agenda" 15}
ismcts                       vs rnad                         n= 100 stalls=  0 corp-win=1.000 [0.963,1.000] turns=7.1 {"corp/Agenda" 19, "corp/Flatline" 81}
planner                      vs heuristic                    n= 100 stalls=  0 corp-win=0.680 [0.583,0.763] turns=14.6 {"corp/Agenda" 68, "runner/Agenda" 13, "runner/Decked" 19}
planner                      vs ismcts                       n= 100 stalls=  0 corp-win=0.760 [0.668,0.833] turns=14.5 {"corp/Agenda" 76, "runner/Agenda" 10, "runner/Decked" 14}
planner                      vs planner                      n= 100 stalls=  0 corp-win=0.500 [0.404,0.596] turns=15.5 {"runner/Agenda" 27, "corp/Agenda" 50, "runner/Decked" 23}
planner                      vs rnad                         n= 100 stalls=  0 corp-win=0.950 [0.888,0.978] turns=9.1 {"corp/Flatline" 55, "corp/Agenda" 40, "runner/Agenda" 2, "runner/Decked" 3}
rnad                         vs heuristic                    n= 100 stalls=  0 corp-win=0.000 [0.000,0.037] turns=12.7 {"runner/Decked" 11, "runner/Agenda" 89}
rnad                         vs ismcts                       n= 100 stalls=  0 corp-win=0.000 [0.000,0.037] turns=12.5 {"runner/Decked" 13, "runner/Agenda" 87}
rnad                         vs planner                      n= 100 stalls=  0 corp-win=0.000 [0.000,0.037] turns=11.5 {"runner/Agenda" 99, "runner/Decked" 1}
rnad                         vs rnad                         n= 100 stalls=  0 corp-win=0.810 [0.722,0.875] turns=8.1 {"corp/Flatline" 81, "runner/Agenda" 19}
total 2005.3s
